{"request_id": "20251106153859547239", "timestamp": "2025-11-06T15:38:59.582438", "endpoint": "/api/recommend_crop", "execution_time_ms": 35.2, "status": "success"}
{"request_id": "20251106153943203988", "timestamp": "2025-11-06T15:39:43.231165", "endpoint": "/api/recommend_crop", "execution_time_ms": 27.18, "status": "success"}
{"request_id": "20251106160708799550", "timestamp": "2025-11-06T16:07:08.813619", "endpoint": "/api/recommend_crop", "execution_time_ms": 14.07, "status": "success"}
{"request_id": "20251106234149153578", "timestamp": "2025-11-06T23:41:49.165194", "endpoint": "/", "execution_time_ms": 11.62, "status": "success"}
{"request_id": "20251107004701176324", "timestamp": "2025-11-07T00:47:01.179516", "endpoint": "/api/chat", "execution_time_ms": 3.19, "status": "success"}
{"request_id": "20251107005039543597", "timestamp": "2025-11-07T00:50:39.546439", "endpoint": "/api/chat", "execution_time_ms": 2.84, "status": "success"}
{"request_id": "20251107005053891456", "timestamp": "2025-11-07T00:50:53.892473", "endpoint": "/api/chat", "execution_time_ms": 1.02, "status": "success"}
{"request_id": "20251107005205832932", "timestamp": "2025-11-07T00:52:05.833918", "endpoint": "/api/chat", "execution_time_ms": 0.99, "status": "success"}
{"request_id": "20251107005212089102", "timestamp": "2025-11-07T00:52:12.091686", "endpoint": "/api/chat", "execution_time_ms": 2.58, "status": "success"}
{"request_id": "20251107005216383467", "timestamp": "2025-11-07T00:52:16.383972", "endpoint": "/api/chat", "execution_time_ms": 0.5, "status": "success"}
{"request_id": "20251107005236091318", "timestamp": "2025-11-07T00:52:36.092379", "endpoint": "/api/chat", "execution_time_ms": 1.06, "status": "success"}
{"request_id": "20251107005304936838", "timestamp": "2025-11-07T00:53:04.937842", "endpoint": "/api/chat", "execution_time_ms": 1.0, "status": "success"}
{"request_id": "20251107005840573880", "timestamp": "2025-11-07T00:58:40.573880", "endpoint": "/api/chat", "execution_time_ms": 0.0, "status": "success"}
{"request_id": "20251107005858354885", "timestamp": "2025-11-07T00:58:58.355891", "endpoint": "/api/chat", "execution_time_ms": 1.01, "status": "success"}
{"request_id": "20251107010135408729", "timestamp": "2025-11-07T01:01:35.408729", "endpoint": "/api/chat", "execution_time_ms": 0.0, "status": "success"}
{"request_id": "20251107010621245870", "timestamp": "2025-11-07T01:06:21.245870", "endpoint": "/api/chat", "execution_time_ms": 0.0, "status": "success"}
{"request_id": "20251107011006477117", "timestamp": "2025-11-07T01:10:06.481385", "endpoint": "/api/chat", "execution_time_ms": 4.27, "status": "success"}
{"request_id": "20251107011521321706", "timestamp": "2025-11-07T01:15:21.322712", "endpoint": "/api/chat", "execution_time_ms": 1.01, "status": "success"}
{"request_id": "20251107011558266898", "timestamp": "2025-11-07T01:15:58.267419", "endpoint": "/api/chat", "execution_time_ms": 0.52, "status": "success"}
{"request_id": "20251107012119171086", "timestamp": "2025-11-07T01:21:19.172397", "endpoint": "/api/chat", "execution_time_ms": 1.31, "status": "success"}
{"request_id": "20251107012136396070", "timestamp": "2025-11-07T01:21:36.397424", "endpoint": "/api/chat", "execution_time_ms": 1.35, "status": "success"}
{"request_id": "20251107012832618696", "timestamp": "2025-11-07T01:28:32.618696", "endpoint": "/api/chat", "execution_time_ms": 0.0, "status": "success"}
{"request_id": "20251107012844162953", "timestamp": "2025-11-07T01:28:44.162953", "endpoint": "/api/chat", "execution_time_ms": 0.0, "status": "success"}
{"request_id": "20251107014328511166", "timestamp": "2025-11-07T01:43:28.512581", "endpoint": "/api/chat", "execution_time_ms": 1.42, "status": "success"}
{"request_id": "20251107014333822699", "timestamp": "2025-11-07T01:43:33.823596", "endpoint": "/api/chat", "execution_time_ms": 0.9, "status": "success"}
{"request_id": "20251107014926560770", "timestamp": "2025-11-07T01:49:26.560770", "endpoint": "/api/chat", "execution_time_ms": 0.0, "status": "success"}
{"request_id": "20251107015153859035", "timestamp": "2025-11-07T01:51:53.860042", "endpoint": "/api/chat", "execution_time_ms": 1.01, "status": "success"}
{"request_id": "20251107015805176832", "timestamp": "2025-11-07T01:58:05.176832", "endpoint": "/api/chat", "execution_time_ms": 0.0, "status": "success"}
{"request_id": "20251107015817538374", "timestamp": "2025-11-07T01:58:17.538374", "endpoint": "/api/chat", "execution_time_ms": 0.0, "status": "success"}
{"request_id": "20251107020917653934", "timestamp": "2025-11-07T02:09:17.655941", "endpoint": "/api/chat", "execution_time_ms": 2.01, "status": "success"}
{"request_id": "20251107021258330506", "timestamp": "2025-11-07T02:12:58.343306", "endpoint": "/api/analyze_plant", "execution_time_ms": 11.28, "status": "success"}
{"request_id": "20251107151216267410", "timestamp": "2025-11-07T15:12:16.272467", "endpoint": "/api/chat", "execution_time_ms": 3.03, "status": "success"}
{"request_id": "20251107151247682060", "timestamp": "2025-11-07T15:12:47.682060", "endpoint": "/api/chat", "execution_time_ms": 0.0, "status": "success"}
{"request_id": "20251107151319628063", "timestamp": "2025-11-07T15:13:19.633586", "endpoint": "/api/chat", "execution_time_ms": 5.52, "status": "success"}
{"request_id": "20251107153437828672", "timestamp": "2025-11-07T15:34:37.840290", "endpoint": "/", "execution_time_ms": 11.62, "status": "success"}
{"request_id": "20251107153520516660", "timestamp": "2025-11-07T15:35:20.516660", "endpoint": "/api/chat", "execution_time_ms": 0.0, "status": "success"}
{"request_id": "20251107153636033606", "timestamp": "2025-11-07T15:36:36.035614", "endpoint": "/api/recommend_crop", "execution_time_ms": 2.01, "status": "success"}
{"request_id": "20251107153636041898", "timestamp": "2025-11-07T15:36:36.041898", "endpoint": "/api/recommend_crop", "execution_time_ms": 0.0, "status": "success"}
{"request_id": "20251107153652161106", "timestamp": "2025-11-07T15:36:52.168005", "endpoint": "/api/recommend_crop", "execution_time_ms": 6.9, "status": "success"}
{"request_id": "20251107153652171526", "timestamp": "2025-11-07T15:36:52.171526", "endpoint": "/api/recommend_crop", "execution_time_ms": 0.0, "status": "success"}
{"request_id": "20251107153659144254", "timestamp": "2025-11-07T15:36:59.144254", "endpoint": "/api/recommend_crop", "execution_time_ms": 0.0, "status": "success"}
{"request_id": "20251107153659150676", "timestamp": "2025-11-07T15:36:59.150676", "endpoint": "/api/recommend_crop", "execution_time_ms": 0.0, "status": "success"}
{"request_id": "20251107153702447675", "timestamp": "2025-11-07T15:37:02.447675", "endpoint": "/api/recommend_crop", "execution_time_ms": 0.0, "status": "success"}
{"request_id": "20251107153705649409", "timestamp": "2025-11-07T15:37:05.649409", "endpoint": "/api/recommend_crop", "execution_time_ms": 0.0, "status": "success"}
{"request_id": "20251107153705657170", "timestamp": "2025-11-07T15:37:05.658891", "endpoint": "/api/recommend_crop", "execution_time_ms": 1.72, "status": "success"}
{"request_id": "20251107153716246980", "timestamp": "2025-11-07T15:37:16.247770", "endpoint": "/api/recommend_crop", "execution_time_ms": 0.79, "status": "success"}
{"request_id": "20251107153716307586", "timestamp": "2025-11-07T15:37:16.317954", "endpoint": "/api/recommend_crop", "execution_time_ms": 10.37, "status": "success"}
{"request_id": "20251107154557571036", "timestamp": "2025-11-07T15:45:57.571036", "endpoint": "/api/recommend_crop", "execution_time_ms": 0.0, "status": "success"}
{"request_id": "20251107154557580305", "timestamp": "2025-11-07T15:45:57.589615", "endpoint": "/api/recommend_crop", "execution_time_ms": 9.31, "status": "success"}
{"request_id": "20251107154602528991", "timestamp": "2025-11-07T15:46:02.532491", "endpoint": "/api/recommend_crop", "execution_time_ms": 3.5, "status": "success"}
{"request_id": "20251107154609255003", "timestamp": "2025-11-07T15:46:09.255003", "endpoint": "/api/recommend_crop", "execution_time_ms": 0.0, "status": "success"}
{"request_id": "20251107154609263856", "timestamp": "2025-11-07T15:46:09.265368", "endpoint": "/api/recommend_crop", "execution_time_ms": 1.51, "status": "success"}
{"request_id": "20251107154754163596", "timestamp": "2025-11-07T15:47:54.172283", "endpoint": "/api/recommend_crop", "execution_time_ms": 8.69, "status": "success"}
{"request_id": "20251107154754179758", "timestamp": "2025-11-07T15:47:54.182468", "endpoint": "/api/recommend_crop", "execution_time_ms": 2.71, "status": "success"}
{"request_id": "20251107160609181938", "timestamp": "2025-11-07T16:06:09.181938", "endpoint": "/api/recommend_crop", "execution_time_ms": 0.0, "status": "success"}
{"request_id": "20251107160609190186", "timestamp": "2025-11-07T16:06:09.190186", "endpoint": "/api/recommend_crop", "execution_time_ms": 0.0, "status": "success"}
{"request_id": "20251107160614126729", "timestamp": "2025-11-07T16:06:14.135852", "endpoint": "/api/recommend_crop", "execution_time_ms": 9.12, "status": "success"}
{"request_id": "20251107160616999063", "timestamp": "2025-11-07T16:06:16.999063", "endpoint": "/api/recommend_crop", "execution_time_ms": 0.0, "status": "success"}
{"request_id": "20251107160616999063", "timestamp": "2025-11-07T16:06:17.012299", "endpoint": "/api/recommend_crop", "execution_time_ms": 13.24, "status": "success"}
{"request_id": "20251107160624165407", "timestamp": "2025-11-07T16:06:24.165407", "endpoint": "/api/recommend_crop", "execution_time_ms": 0.0, "status": "success"}
{"request_id": "20251107160624175786", "timestamp": "2025-11-07T16:06:24.175786", "endpoint": "/api/recommend_crop", "execution_time_ms": 0.0, "status": "success"}
{"request_id": "20251107160630457394", "timestamp": "2025-11-07T16:06:30.457394", "endpoint": "/api/recommend_crop", "execution_time_ms": 0.0, "status": "success"}
{"request_id": "20251107160630468148", "timestamp": "2025-11-07T16:06:30.474056", "endpoint": "/api/recommend_crop", "execution_time_ms": 5.91, "status": "success"}
{"request_id": "20251107160702588018", "timestamp": "2025-11-07T16:07:02.588983", "endpoint": "/api/recommend_crop", "execution_time_ms": 0.0, "status": "success"}
{"request_id": "20251107160702588983", "timestamp": "2025-11-07T16:07:02.598884", "endpoint": "/api/recommend_crop", "execution_time_ms": 9.9, "status": "success"}
{"request_id": "20251107160711093857", "timestamp": "2025-11-07T16:07:11.093857", "endpoint": "/api/recommend_crop", "execution_time_ms": 0.0, "status": "success"}
{"request_id": "20251107160711101577", "timestamp": "2025-11-07T16:07:11.102951", "endpoint": "/api/recommend_crop", "execution_time_ms": 1.37, "status": "success"}
{"request_id": "20251107160715899883", "timestamp": "2025-11-07T16:07:15.904362", "endpoint": "/api/recommend_crop", "execution_time_ms": 4.48, "status": "success"}
{"request_id": "20251107160719033623", "timestamp": "2025-11-07T16:07:19.033623", "endpoint": "/api/recommend_crop", "execution_time_ms": 0.0, "status": "success"}
{"request_id": "20251107160719037967", "timestamp": "2025-11-07T16:07:19.042078", "endpoint": "/api/recommend_crop", "execution_time_ms": 4.11, "status": "success"}
{"request_id": "20251107160722008523", "timestamp": "2025-11-07T16:07:22.016050", "endpoint": "/api/recommend_crop", "execution_time_ms": 7.53, "status": "success"}
{"request_id": "20251107160726233215", "timestamp": "2025-11-07T16:07:26.233215", "endpoint": "/api/recommend_crop", "execution_time_ms": 0.0, "status": "success"}
{"request_id": "20251107160726241685", "timestamp": "2025-11-07T16:07:26.241685", "endpoint": "/api/recommend_crop", "execution_time_ms": 0.0, "status": "success"}
{"request_id": "20251107160734383065", "timestamp": "2025-11-07T16:07:34.391385", "endpoint": "/api/recommend_crop", "execution_time_ms": 8.32, "status": "success"}
{"request_id": "20251107160734396932", "timestamp": "2025-11-07T16:07:34.400699", "endpoint": "/api/recommend_crop", "execution_time_ms": 3.77, "status": "success"}
{"request_id": "20251107161219406665", "timestamp": "2025-11-07T16:12:19.406665", "endpoint": "/api/analyze_plant", "execution_time_ms": 0.0, "status": "success"}
{"request_id": "20251107161359287069", "timestamp": "2025-11-07T16:13:59.299785", "endpoint": "/api/analyze_plant", "execution_time_ms": 12.72, "status": "success"}
{"request_id": "20251107162312688728", "timestamp": "2025-11-07T16:23:19.148056", "endpoint": "/api/analyze_plant", "execution_time_ms": 6459.33, "status": "success"}
{"request_id": "20251107162529411134", "timestamp": "2025-11-07T16:25:38.089149", "endpoint": "/api/analyze_plant", "execution_time_ms": 8678.02, "status": "success"}
{"request_id": "20251107163522330841", "timestamp": "2025-11-07T16:35:28.526829", "endpoint": "/api/analyze_plant", "execution_time_ms": 6195.99, "status": "success"}
{"request_id": "20251107163928324215", "timestamp": "2025-11-07T16:39:34.283102", "endpoint": "/api/analyze_plant", "execution_time_ms": 5958.89, "status": "success"}
{"request_id": "20251107200518659842", "timestamp": "2025-11-07T20:05:22.287354", "endpoint": "/api/analyze_plant", "execution_time_ms": 3627.51, "status": "success"}
{"request_id": "20251107201536263325", "timestamp": "2025-11-07T20:15:41.669514", "endpoint": "/api/analyze_plant", "execution_time_ms": 5406.19, "status": "success"}
{"request_id": "20251107201944146511", "timestamp": "2025-11-07T20:19:44.159632", "endpoint": "/", "execution_time_ms": 13.12, "status": "success"}
{"request_id": "20251107202108329770", "timestamp": "2025-11-07T20:21:08.331203", "endpoint": "/", "execution_time_ms": 1.43, "status": "success"}
{"request_id": "20251107203851188955", "timestamp": "2025-11-07T20:39:19.833328", "endpoint": "/api/analyze_plant", "execution_time_ms": 28644.37, "status": "success"}
{"request_id": "20251107204353197809", "timestamp": "2025-11-07T20:44:24.602516", "endpoint": "/api/analyze_plant", "execution_time_ms": 31404.71, "status": "success"}
{"request_id": "20251107204434900179", "timestamp": "2025-11-07T20:44:40.763417", "endpoint": "/api/analyze_plant", "execution_time_ms": 5863.24, "status": "success"}
{"request_id": "20251107204657552293", "timestamp": "2025-11-07T20:47:02.320179", "endpoint": "/api/analyze_plant", "execution_time_ms": 4767.89, "status": "success"}
{"request_id": "20251107204915161167", "timestamp": "2025-11-07T20:49:49.005366", "endpoint": "/api/analyze_plant", "execution_time_ms": 33844.2, "status": "success"}
{"request_id": "20251107210615248898", "timestamp": "2025-11-07T21:06:34.968909", "endpoint": "/api/analyze_plant", "execution_time_ms": 19720.01, "status": "success"}
{"request_id": "20251107210720053472", "timestamp": "2025-11-07T21:07:20.063717", "endpoint": "/dashboard", "execution_time_ms": 10.25, "status": "success"}
{"request_id": "20251107210727976925", "timestamp": "2025-11-07T21:07:27.981215", "endpoint": "/chat", "execution_time_ms": 4.29, "status": "success"}
{"request_id": "20251107210801173522", "timestamp": "2025-11-07T21:08:09.546118", "endpoint": "/api/analyze_plant", "execution_time_ms": 8372.6, "status": "success"}
{"request_id": "20251107210825365500", "timestamp": "2025-11-07T21:08:29.836440", "endpoint": "/api/analyze_plant", "execution_time_ms": 4470.94, "status": "success"}
{"request_id": "20251107212331128021", "timestamp": "2025-11-07T21:23:37.424581", "endpoint": "/api/analyze_plant", "execution_time_ms": 6296.56, "status": "success"}
{"request_id": "20251107212353344878", "timestamp": "2025-11-07T21:23:56.890551", "endpoint": "/api/analyze_plant", "execution_time_ms": 3545.67, "status": "success"}
{"request_id": "20251107212854058126", "timestamp": "2025-11-07T21:29:19.120272", "endpoint": "/api/analyze_plant", "execution_time_ms": 25062.15, "status": "success"}
{"request_id": "20251107212954045735", "timestamp": "2025-11-07T21:29:55.723399", "endpoint": "/api/analyze_plant", "execution_time_ms": 1677.66, "status": "success"}
{"request_id": "20251107213009484226", "timestamp": "2025-11-07T21:30:12.412423", "endpoint": "/api/analyze_plant", "execution_time_ms": 2928.2, "status": "success"}
{"request_id": "20251107213537927338", "timestamp": "2025-11-07T21:35:40.662268", "endpoint": "/api/analyze_plant", "execution_time_ms": 2734.93, "status": "success"}
{"request_id": "20251107223726483040", "timestamp": "2025-11-07T22:37:26.487549", "endpoint": "/api/chat", "execution_time_ms": 4.51, "status": "success"}
{"request_id": "20251107223755075329", "timestamp": "2025-11-07T22:37:55.076342", "endpoint": "/api/chat", "execution_time_ms": 1.01, "status": "success"}
{"request_id": "20251107223812516525", "timestamp": "2025-11-07T22:38:13.062422", "endpoint": "/api/stt", "execution_time_ms": 545.9, "status": "success"}
{"request_id": "20251107223820666839", "timestamp": "2025-11-07T22:38:21.109294", "endpoint": "/api/stt", "execution_time_ms": 442.45, "status": "success"}
{"request_id": "20251107223833693518", "timestamp": "2025-11-07T22:38:34.099776", "endpoint": "/api/stt", "execution_time_ms": 406.26, "status": "success"}
{"request_id": "20251107223840267935", "timestamp": "2025-11-07T22:38:40.635572", "endpoint": "/api/stt", "execution_time_ms": 367.64, "status": "success"}
{"request_id": "20251107223857319902", "timestamp": "2025-11-07T22:38:57.321897", "endpoint": "/api/chat", "execution_time_ms": 2.0, "status": "success"}
{"request_id": "20251107223909364745", "timestamp": "2025-11-07T22:39:09.365767", "endpoint": "/api/chat", "execution_time_ms": 1.02, "status": "success"}
{"request_id": "20251107223929689539", "timestamp": "2025-11-07T22:39:29.690540", "endpoint": "/api/chat", "execution_time_ms": 1.0, "status": "success"}
{"request_id": "20251107223947293941", "timestamp": "2025-11-07T22:39:47.294948", "endpoint": "/api/chat", "execution_time_ms": 1.01, "status": "success"}
{"request_id": "20251107224106418613", "timestamp": "2025-11-07T22:41:10.279753", "endpoint": "/api/analyze_plant", "execution_time_ms": 3861.14, "status": "success"}
{"request_id": "20251107225815210129", "timestamp": "2025-11-07T22:58:15.212127", "endpoint": "/api/chat", "execution_time_ms": 2.0, "status": "success"}
{"request_id": "20251107225846843103", "timestamp": "2025-11-07T22:58:46.844041", "endpoint": "/api/recommend_crop", "execution_time_ms": 0.94, "status": "success"}
{"request_id": "20251107225846848186", "timestamp": "2025-11-07T22:58:46.852374", "endpoint": "/api/recommend_crop", "execution_time_ms": 4.19, "status": "success"}
{"request_id": "20251107225907871529", "timestamp": "2025-11-07T22:59:07.872525", "endpoint": "/api/recommend_crop", "execution_time_ms": 1.0, "status": "success"}
{"request_id": "20251107225907879392", "timestamp": "2025-11-07T22:59:07.883924", "endpoint": "/api/recommend_crop", "execution_time_ms": 4.53, "status": "success"}
{"request_id": "20251107225921648321", "timestamp": "2025-11-07T22:59:21.649317", "endpoint": "/api/recommend_crop", "execution_time_ms": 1.0, "status": "success"}
{"request_id": "20251107225921654334", "timestamp": "2025-11-07T22:59:21.659923", "endpoint": "/api/recommend_crop", "execution_time_ms": 5.59, "status": "success"}
{"request_id": "20251107225936384312", "timestamp": "2025-11-07T22:59:36.384312", "endpoint": "/api/recommend_crop", "execution_time_ms": 0.0, "status": "success"}
{"request_id": "20251107225936387326", "timestamp": "2025-11-07T22:59:36.390232", "endpoint": "/api/recommend_crop", "execution_time_ms": 2.91, "status": "success"}
{"request_id": "20251108161302446586", "timestamp": "2025-11-08T16:13:02.460292", "endpoint": "/api/chat", "execution_time_ms": 13.71, "status": "success"}
{"request_id": "20251108161310942066", "timestamp": "2025-11-08T16:13:14.839147", "endpoint": "/api/stt", "execution_time_ms": 3897.08, "status": "success"}
{"request_id": "20251108161553838496", "timestamp": "2025-11-08T16:15:53.845232", "endpoint": "/api/chat", "execution_time_ms": 6.74, "status": "success"}
{"request_id": "20251108161648534144", "timestamp": "2025-11-08T16:16:48.540125", "endpoint": "/api/chat", "execution_time_ms": 5.98, "status": "success"}
{"request_id": "20251108161745222719", "timestamp": "2025-11-08T16:17:45.222719", "endpoint": "/api/chat", "execution_time_ms": 0.0, "status": "success"}
{"request_id": "20251108161819841843", "timestamp": "2025-11-08T16:18:19.842361", "endpoint": "/api/chat", "execution_time_ms": 0.0, "status": "success"}
{"request_id": "20251108161848007816", "timestamp": "2025-11-08T16:18:48.007816", "endpoint": "/api/chat", "execution_time_ms": 0.0, "status": "success"}
{"request_id": "20251108161950927889", "timestamp": "2025-11-08T16:19:50.929436", "endpoint": "/api/recommend_crop", "execution_time_ms": 1.55, "status": "success"}
{"request_id": "20251108161950935734", "timestamp": "2025-11-08T16:19:51.066573", "endpoint": "/api/recommend_crop", "execution_time_ms": 130.84, "status": "success"}
{"request_id": "20251108161956222208", "timestamp": "2025-11-08T16:19:56.222208", "endpoint": "/api/recommend_crop", "execution_time_ms": 0.0, "status": "success"}
{"request_id": "20251108161956229628", "timestamp": "2025-11-08T16:19:56.257075", "endpoint": "/api/recommend_crop", "execution_time_ms": 27.45, "status": "success"}
{"request_id": "20251108162008507642", "timestamp": "2025-11-08T16:20:08.507642", "endpoint": "/api/recommend_crop", "execution_time_ms": 0.0, "status": "success"}
{"request_id": "20251108162008517829", "timestamp": "2025-11-08T16:20:08.528445", "endpoint": "/api/recommend_crop", "execution_time_ms": 10.62, "status": "success"}
{"request_id": "20251108191242367151", "timestamp": "2025-11-08T19:12:51.016345", "endpoint": "/api/analyze_plant", "execution_time_ms": 8649.19, "status": "success"}
{"request_id": "20251108191427677890", "timestamp": "2025-11-08T19:14:27.677890", "endpoint": "/api/chat", "execution_time_ms": 0.0, "status": "success"}
{"request_id": "20251108191440386393", "timestamp": "2025-11-08T19:14:40.397990", "endpoint": "/api/chat", "execution_time_ms": 11.6, "status": "success"}
{"request_id": "20251108191456473670", "timestamp": "2025-11-08T19:14:56.476990", "endpoint": "/api/chat", "execution_time_ms": 3.32, "status": "success"}
{"request_id": "20251109125205883685", "timestamp": "2025-11-09T12:52:05.893388", "endpoint": "/api/chat", "execution_time_ms": 9.7, "status": "success"}
{"request_id": "20260312191254403177", "timestamp": "2026-03-12T19:12:54.406303", "endpoint": "/api/chat", "execution_time_ms": 3.13, "status": "success"}
{"request_id": "20260315223302908957", "timestamp": "2026-03-15T22:33:02.910877", "endpoint": "/api/chat", "execution_time_ms": 1.92, "status": "success"}
{"request_id": "20260315223456869170", "timestamp": "2026-03-15T22:34:59.052388", "endpoint": "/api/analyze_plant", "execution_time_ms": 2183.22, "status": "success"}
{"request_id": "20260315223521114166", "timestamp": "2026-03-15T22:35:23.038576", "endpoint": "/api/analyze_plant", "execution_time_ms": 1924.41, "status": "success"}
{"request_id": "20260315223611680966", "timestamp": "2026-03-15T22:36:11.680966", "endpoint": "/api/chat", "execution_time_ms": 0.0, "status": "success"}
{"request_id": "20260315224010531240", "timestamp": "2026-03-15T22:40:10.533053", "endpoint": "/api/chat", "execution_time_ms": 1.81, "status": "success"}
{"request_id": "20260315224422914633", "timestamp": "2026-03-15T22:44:22.920454", "endpoint": "/api/chat", "execution_time_ms": 5.82, "status": "success"}
{"request_id": "20260315224505630493", "timestamp": "2026-03-15T22:45:05.631230", "endpoint": "/api/chat", "execution_time_ms": 0.74, "status": "success"}
{"request_id": "20260315224511451643", "timestamp": "2026-03-15T22:45:11.453876", "endpoint": "/api/chat", "execution_time_ms": 2.23, "status": "success"}
{"request_id": "20260315224529752285", "timestamp": "2026-03-15T22:45:29.755508", "endpoint": "/api/chat", "execution_time_ms": 0.0, "status": "success"}
{"request_id": "20260315224922547226", "timestamp": "2026-03-15T22:49:22.549676", "endpoint": "/api/chat", "execution_time_ms": 1.85, "status": "success"}
{"request_id": "20260315225415324693", "timestamp": "2026-03-15T22:54:15.327688", "endpoint": "/api/recommend_crop", "execution_time_ms": 3.0, "status": "success"}
{"request_id": "20260315225443906391", "timestamp": "2026-03-15T22:54:43.910597", "endpoint": "/api/chat", "execution_time_ms": 4.21, "status": "success"}
{"request_id": "20260315225514812987", "timestamp": "2026-03-15T22:55:14.814993", "endpoint": "/api/chat", "execution_time_ms": 2.01, "status": "success"}
{"request_id": "20260315225818615932", "timestamp": "2026-03-15T22:58:18.619255", "endpoint": "/api/chat", "execution_time_ms": 2.78, "status": "success"}
{"request_id": "20260315225840002078", "timestamp": "2026-03-15T22:58:42.067438", "endpoint": "/api/tts", "execution_time_ms": 2065.36, "status": "success"}
{"request_id": "20260315225911322720", "timestamp": "2026-03-15T22:59:12.107469", "endpoint": "/api/tts", "execution_time_ms": 784.75, "status": "success"}
{"request_id": "20260315230003394897", "timestamp": "2026-03-15T23:00:04.466904", "endpoint": "/api/tts", "execution_time_ms": 1072.01, "status": "success"}
{"request_id": "20260315230036810969", "timestamp": "2026-03-15T23:00:37.811357", "endpoint": "/api/tts", "execution_time_ms": 1000.39, "status": "success"}
{"request_id": "20260315230053768853", "timestamp": "2026-03-15T23:00:54.477787", "endpoint": "/api/tts", "execution_time_ms": 708.93, "status": "success"}
{"request_id": "20260315230152618961", "timestamp": "2026-03-15T23:01:53.615369", "endpoint": "/api/tts", "execution_time_ms": 996.41, "status": "success"}
{"request_id": "20260315230158711646", "timestamp": "2026-03-15T23:01:59.701121", "endpoint": "/api/tts", "execution_time_ms": 989.48, "status": "success"}
{"request_id": "20260315230232036427", "timestamp": "2026-03-15T23:02:32.761234", "endpoint": "/api/tts", "execution_time_ms": 724.81, "status": "success"}
{"request_id": "20260315230244413172", "timestamp": "2026-03-15T23:02:45.493300", "endpoint": "/api/tts", "execution_time_ms": 1080.13, "status": "success"}
{"request_id": "20260315230312284071", "timestamp": "2026-03-15T23:03:13.550407", "endpoint": "/api/tts", "execution_time_ms": 1265.76, "status": "success"}
{"request_id": "20260315230318375767", "timestamp": "2026-03-15T23:03:19.406017", "endpoint": "/api/tts", "execution_time_ms": 1030.25, "status": "success"}
{"request_id": "20260315230321853691", "timestamp": "2026-03-15T23:03:21.853691", "endpoint": "/api/chat", "execution_time_ms": 0.0, "status": "success"}
{"request_id": "20260315230323362954", "timestamp": "2026-03-15T23:03:24.384127", "endpoint": "/api/tts", "execution_time_ms": 1021.17, "status": "success"}
{"request_id": "20260315230331202741", "timestamp": "2026-03-15T23:03:32.187707", "endpoint": "/api/tts", "execution_time_ms": 984.97, "status": "success"}
{"request_id": "20260315230431679243", "timestamp": "2026-03-15T23:04:32.478628", "endpoint": "/api/tts", "execution_time_ms": 799.39, "status": "success"}
{"request_id": "20260315230451021346", "timestamp": "2026-03-15T23:04:52.127528", "endpoint": "/api/tts", "execution_time_ms": 1106.18, "status": "success"}
{"request_id": "20260315230547827384", "timestamp": "2026-03-15T23:05:48.989003", "endpoint": "/api/tts", "execution_time_ms": 1161.62, "status": "success"}
{"request_id": "20260315230559318796", "timestamp": "2026-03-15T23:06:00.483637", "endpoint": "/api/tts", "execution_time_ms": 1164.84, "status": "success"}
{"request_id": "20260315230611966665", "timestamp": "2026-03-15T23:06:13.035564", "endpoint": "/api/tts", "execution_time_ms": 1068.9, "status": "success"}
{"request_id": "20260315230709571345", "timestamp": "2026-03-15T23:07:10.718363", "endpoint": "/api/tts", "execution_time_ms": 1146.41, "status": "success"}
{"request_id": "20260315231128763933", "timestamp": "2026-03-15T23:11:30.005345", "endpoint": "/api/tts", "execution_time_ms": 1240.41, "status": "success"}
{"request_id": "20260315231334297706", "timestamp": "2026-03-15T23:13:35.293781", "endpoint": "/api/tts", "execution_time_ms": 996.07, "status": "success"}
{"request_id": "20260315231535571747", "timestamp": "2026-03-15T23:15:36.617007", "endpoint": "/api/tts", "execution_time_ms": 1045.26, "status": "success"}
{"request_id": "20260315231540377709", "timestamp": "2026-03-15T23:15:41.355572", "endpoint": "/api/tts", "execution_time_ms": 977.86, "status": "success"}
{"request_id": "20260315231546510339", "timestamp": "2026-03-15T23:15:46.512877", "endpoint": "/api/chat", "execution_time_ms": 2.54, "status": "success"}
{"request_id": "20260315231550269997", "timestamp": "2026-03-15T23:15:51.316659", "endpoint": "/api/tts", "execution_time_ms": 1046.66, "status": "success"}
{"request_id": "20260315231555663385", "timestamp": "2026-03-15T23:15:56.675110", "endpoint": "/api/tts", "execution_time_ms": 1011.73, "status": "success"}
{"request_id": "20260315231558726901", "timestamp": "2026-03-15T23:15:59.925287", "endpoint": "/api/tts", "execution_time_ms": 1198.39, "status": "success"}
{"request_id": "20260315231606173001", "timestamp": "2026-03-15T23:16:06.174669", "endpoint": "/api/chat", "execution_time_ms": 1.67, "status": "success"}
{"request_id": "20260315231608134274", "timestamp": "2026-03-15T23:16:09.161763", "endpoint": "/api/tts", "execution_time_ms": 1027.49, "status": "success"}
{"request_id": "20260315231625804281", "timestamp": "2026-03-15T23:16:26.843032", "endpoint": "/api/tts", "execution_time_ms": 1038.75, "status": "success"}
{"request_id": "20260315231629982151", "timestamp": "2026-03-15T23:16:31.038983", "endpoint": "/api/tts", "execution_time_ms": 1056.83, "status": "success"}
{"request_id": "20260315232006010290", "timestamp": "2026-03-15T23:20:07.161848", "endpoint": "/api/tts", "execution_time_ms": 1151.56, "status": "success"}
{"request_id": "20260315232014100550", "timestamp": "2026-03-15T23:20:15.210516", "endpoint": "/api/tts", "execution_time_ms": 1109.97, "status": "success"}
{"request_id": "20260315232153277032", "timestamp": "2026-03-15T23:21:54.824200", "endpoint": "/api/tts", "execution_time_ms": 1547.17, "status": "success"}
{"request_id": "20260315232159653002", "timestamp": "2026-03-15T23:22:00.793161", "endpoint": "/api/tts", "execution_time_ms": 1140.16, "status": "success"}
{"request_id": "20260315232755252896", "timestamp": "2026-03-15T23:27:56.329271", "endpoint": "/api/tts", "execution_time_ms": 1074.36, "status": "success"}
{"request_id": "20260315232758310034", "timestamp": "2026-03-15T23:27:59.339834", "endpoint": "/api/tts", "execution_time_ms": 1029.8, "status": "success"}
{"request_id": "20260315232808529146", "timestamp": "2026-03-15T23:28:09.517143", "endpoint": "/api/tts", "execution_time_ms": 988.0, "status": "success"}
{"request_id": "20260315232833987516", "timestamp": "2026-03-15T23:28:35.104490", "endpoint": "/api/tts", "execution_time_ms": 1116.97, "status": "success"}
{"request_id": "20260315233347659739", "timestamp": "2026-03-15T23:33:48.930982", "endpoint": "/api/tts", "execution_time_ms": 1271.24, "status": "success"}
{"request_id": "20260315233353992102", "timestamp": "2026-03-15T23:33:54.966550", "endpoint": "/api/tts", "execution_time_ms": 974.45, "status": "success"}
{"request_id": "20260315234113648400", "timestamp": "2026-03-15T23:41:14.619694", "endpoint": "/api/tts", "execution_time_ms": 971.29, "status": "success"}
{"request_id": "20260316000037540796", "timestamp": "2026-03-16T00:00:38.241460", "endpoint": "/api/tts", "execution_time_ms": 700.66, "status": "success"}
{"request_id": "20260316000059185592", "timestamp": "2026-03-16T00:01:00.139266", "endpoint": "/api/tts", "execution_time_ms": 953.67, "status": "success"}
{"request_id": "20260316000303540796", "timestamp": "2026-03-16T00:03:03.543051", "endpoint": "/api/chat", "execution_time_ms": 2.25, "status": "success"}
{"request_id": "20260316000318156659", "timestamp": "2026-03-16T00:03:19.401501", "endpoint": "/api/tts", "execution_time_ms": 1244.84, "status": "success"}
{"request_id": "20260316000546447564", "timestamp": "2026-03-16T00:05:46.447564", "endpoint": "/api/chat", "execution_time_ms": 0.0, "status": "success"}
{"request_id": "20260316000555929225", "timestamp": "2026-03-16T00:05:55.930251", "endpoint": "/api/chat", "execution_time_ms": 1.03, "status": "success"}
{"request_id": "20260316000559974419", "timestamp": "2026-03-16T00:05:59.975956", "endpoint": "/api/chat", "execution_time_ms": 1.54, "status": "success"}
{"request_id": "20260316000604109875", "timestamp": "2026-03-16T00:06:04.110980", "endpoint": "/api/chat", "execution_time_ms": 1.1, "status": "success"}
{"request_id": "20260316000922337538", "timestamp": "2026-03-16T00:09:22.337538", "endpoint": "/api/chat", "execution_time_ms": 0.0, "status": "success"}
{"request_id": "20260316001013523945", "timestamp": "2026-03-16T00:10:14.537756", "endpoint": "/api/tts", "execution_time_ms": 1013.81, "status": "success"}
{"request_id": "20260316001137000916", "timestamp": "2026-03-16T00:11:37.004419", "endpoint": "/api/chat", "execution_time_ms": 3.5, "status": "success"}
{"request_id": "20260316001453060186", "timestamp": "2026-03-16T00:14:55.301088", "endpoint": "/api/tts", "execution_time_ms": 2240.9, "status": "success"}
{"request_id": "20260316001942673834", "timestamp": "2026-03-16T00:19:45.041558", "endpoint": "/api/tts", "execution_time_ms": 2367.72, "status": "success"}
{"request_id": "20260316002134660114", "timestamp": "2026-03-16T00:21:36.967860", "endpoint": "/api/tts", "execution_time_ms": 2306.65, "status": "success"}
{"request_id": "20260316002242481460", "timestamp": "2026-03-16T00:22:44.810282", "endpoint": "/api/tts", "execution_time_ms": 2328.82, "status": "success"}
{"request_id": "20260316002310356128", "timestamp": "2026-03-16T00:23:12.721593", "endpoint": "/api/tts", "execution_time_ms": 2365.46, "status": "success"}
{"request_id": "20260316002929975293", "timestamp": "2026-03-16T00:29:33.566506", "endpoint": "/api/tts", "execution_time_ms": 3591.21, "status": "success"}
{"request_id": "20260316003142276781", "timestamp": "2026-03-16T00:31:42.277889", "endpoint": "/api/chat", "execution_time_ms": 1.11, "status": "success"}
{"request_id": "20260316003145155382", "timestamp": "2026-03-16T00:31:47.613122", "endpoint": "/api/tts", "execution_time_ms": 2457.74, "status": "success"}
{"request_id": "20260316004311588154", "timestamp": "2026-03-16T00:43:12.273569", "endpoint": "/api/tts", "execution_time_ms": 685.42, "status": "success"}
{"request_id": "20260316004544387924", "timestamp": "2026-03-16T00:45:45.305480", "endpoint": "/api/tts", "execution_time_ms": 917.56, "status": "success"}
{"request_id": "20260316004910352754", "timestamp": "2026-03-16T00:49:12.113411", "endpoint": "/api/tts", "execution_time_ms": 1760.66, "status": "success"}
{"request_id": "20260316004928290038", "timestamp": "2026-03-16T00:49:30.331824", "endpoint": "/api/tts", "execution_time_ms": 2041.79, "status": "success"}
{"request_id": "20260316004952865528", "timestamp": "2026-03-16T00:49:52.867312", "endpoint": "/api/chat", "execution_time_ms": 1.78, "status": "success"}
{"request_id": "20260316004954602048", "timestamp": "2026-03-16T00:49:56.337526", "endpoint": "/api/tts", "execution_time_ms": 1735.48, "status": "success"}
{"request_id": "20260316005511220417", "timestamp": "2026-03-16T00:55:11.221417", "endpoint": "/api/chat", "execution_time_ms": 1.0, "status": "success"}
{"request_id": "20260316005749495078", "timestamp": "2026-03-16T00:57:49.496083", "endpoint": "/api/chat", "execution_time_ms": 1.01, "status": "success"}
{"request_id": "20260316010006050955", "timestamp": "2026-03-16T01:00:06.051352", "endpoint": "/api/chat", "execution_time_ms": 0.4, "status": "success"}
{"request_id": "20260316010023193826", "timestamp": "2026-03-16T01:00:23.194170", "endpoint": "/api/chat", "execution_time_ms": 0.34, "status": "success"}
{"request_id": "20260316010159124829", "timestamp": "2026-03-16T01:01:59.124829", "endpoint": "/api/chat", "execution_time_ms": 0.0, "status": "success"}
{"request_id": "20260316010940845288", "timestamp": "2026-03-16T01:09:42.674326", "endpoint": "/api/analyze_plant", "execution_time_ms": 1829.04, "status": "success"}
{"request_id": "20260316011133755418", "timestamp": "2026-03-16T01:11:33.757355", "endpoint": "/api/analyze_plant", "execution_time_ms": 1.94, "status": "success"}
{"request_id": "20260316011156011021", "timestamp": "2026-03-16T01:11:56.013455", "endpoint": "/api/analyze_plant", "execution_time_ms": 2.43, "status": "success"}
{"request_id": "20260316011259582415", "timestamp": "2026-03-16T01:13:01.253591", "endpoint": "/api/analyze_plant", "execution_time_ms": 1671.18, "status": "success"}
{"request_id": "20260316011506710023", "timestamp": "2026-03-16T01:15:07.871355", "endpoint": "/api/analyze_plant", "execution_time_ms": 1159.83, "status": "success"}
{"request_id": "20260316011625427455", "timestamp": "2026-03-16T01:16:26.449456", "endpoint": "/api/analyze_plant", "execution_time_ms": 1022.0, "status": "success"}
{"request_id": "20260316011719374644", "timestamp": "2026-03-16T01:17:21.219370", "endpoint": "/api/analyze_plant", "execution_time_ms": 1844.73, "status": "success"}
{"request_id": "20260316011849439636", "timestamp": "2026-03-16T01:18:51.475187", "endpoint": "/api/analyze_plant", "execution_time_ms": 2035.55, "status": "success"}
{"request_id": "20260316012053722360", "timestamp": "2026-03-16T01:20:56.017095", "endpoint": "/api/analyze_plant", "execution_time_ms": 2294.73, "status": "success"}
{"request_id": "20260316012531716255", "timestamp": "2026-03-16T01:25:34.053231", "endpoint": "/api/analyze_plant", "execution_time_ms": 2336.98, "status": "success"}
{"request_id": "20260316013016155682", "timestamp": "2026-03-16T01:30:19.474070", "endpoint": "/api/analyze_plant", "execution_time_ms": 3318.39, "status": "success"}
{"request_id": "20260316013404177888", "timestamp": "2026-03-16T01:34:06.738099", "endpoint": "/api/analyze_plant", "execution_time_ms": 2560.21, "status": "success"}
{"request_id": "20260316013626484441", "timestamp": "2026-03-16T01:36:28.693619", "endpoint": "/api/analyze_plant", "execution_time_ms": 2209.18, "status": "success"}
{"request_id": "20260316014158584413", "timestamp": "2026-03-16T01:42:00.717006", "endpoint": "/api/analyze_plant", "execution_time_ms": 2132.59, "status": "success"}
{"request_id": "20260316015349261529", "timestamp": "2026-03-16T01:53:49.262440", "endpoint": "/api/chat", "execution_time_ms": 0.91, "status": "success"}
{"request_id": "20260316015358477981", "timestamp": "2026-03-16T01:53:58.478666", "endpoint": "/api/chat", "execution_time_ms": 0.68, "status": "success"}
{"request_id": "20260316015402212597", "timestamp": "2026-03-16T01:54:04.212328", "endpoint": "/api/tts", "execution_time_ms": 1999.73, "status": "success"}
{"request_id": "20260316111802987013", "timestamp": "2026-03-16T11:18:02.988409", "endpoint": "/api/chat", "execution_time_ms": 1.4, "status": "success"}
{"request_id": "20260316111809827033", "timestamp": "2026-03-16T11:18:13.574343", "endpoint": "/api/tts", "execution_time_ms": 3747.31, "status": "success"}
{"request_id": "20260316111825972954", "timestamp": "2026-03-16T11:18:25.972954", "endpoint": "/api/chat", "execution_time_ms": 0.0, "status": "success"}
{"request_id": "20260316111830204366", "timestamp": "2026-03-16T11:18:33.652702", "endpoint": "/api/tts", "execution_time_ms": 3448.34, "status": "success"}
{"request_id": "20260316111854111277", "timestamp": "2026-03-16T11:19:00.336068", "endpoint": "/api/analyze_plant", "execution_time_ms": 6224.79, "status": "success"}
{"request_id": "20260322143534025941", "timestamp": "2026-03-22T14:35:34.027429", "endpoint": "/api/chat", "execution_time_ms": 0.54, "status": "success"}
{"request_id": "20260322143542115042", "timestamp": "2026-03-22T14:35:42.115042", "endpoint": "/api/chat", "execution_time_ms": 0.0, "status": "success"}
{"request_id": "20260322144450172940", "timestamp": "2026-03-22T14:44:50.176438", "endpoint": "/api/chat", "execution_time_ms": 3.5, "status": "success"}
{"request_id": "20260322144953419027", "timestamp": "2026-03-22T14:49:59.083376", "endpoint": "/api/analyze_plant", "execution_time_ms": 5664.35, "status": "success"}
{"request_id": "20260322145058285639", "timestamp": "2026-03-22T14:51:01.548453", "endpoint": "/api/analyze_plant", "execution_time_ms": 3262.81, "status": "success"}
{"request_id": "20260322145322139699", "timestamp": "2026-03-22T14:53:23.065905", "endpoint": "/api/stt", "execution_time_ms": 926.21, "status": "success"}
{"request_id": "20260322145332417712", "timestamp": "2026-03-22T14:53:32.422865", "endpoint": "/api/chat", "execution_time_ms": 5.15, "status": "success"}
